// Jest Snapshot v1, https://goo.gl/fbAQLP

exports[`PasswordInput should hide password quality by default 1`] = `
<div
  className="TextInput"
>
  <label
    className="Label"
    htmlFor="test"
  >
    Password
     
    <span
      className="Label__required"
    >
       *
    </span>
  </label>
  <input
    className="TextInput__inputundefined"
    id="test"
    maxLength={50}
    name="test"
    onChange={[Function]}
    type="password"
    value="This Is a Dummy Password"
  />
  <button
    className="PasswordInput__toggle"
    onClick={[Function]}
  >
    <svg
      height="16"
      viewBox="0 0 22 22"
      width="16"
      xmlns="http://www.w3.org/2000/svg"
    >
      <g
        fill="#4d4d4d"
        transform="matrix(.02146 0 0 .02146 1 1)"
      >
        <path
          d="m466.07 161.53c-205.6 0-382.8 121.2-464.2 296.1-2.5 5.3-2.5 11.5 0 16.9 81.4 174.9 258.6 296.1 464.2 296.1 205.6 0 382.8-121.2 464.2-296.1 2.5-5.3 2.5-11.5 0-16.9-81.4-174.9-258.6-296.1-464.2-296.1m0 514.7c-116.1 0-210.1-94.1-210.1-210.1 0-116.1 94.1-210.1 210.1-210.1 116.1 0 210.1 94.1 210.1 210.1 0 116-94.1 210.1-210.1 210.1"
        />
        <circle
          cx="466.08"
          cy="466.02"
          r="134.5"
        />
      </g>
    </svg>
  </button>
</div>
`;
